\BOOKMARK [1][-]{section.1}{\376\377\137\025\212\000}{}% 1
\BOOKMARK [1][-]{section.2}{\376\377\166\370\121\163\170\024\172\166}{}% 2
\BOOKMARK [2][-]{subsection.2.1}{\376\377\116\011\176\364\176\277\137\142\116\016\172\172\225\364\145\160\143\156}{section.2}% 3
\BOOKMARK [2][-]{subsection.2.2}{\376\377\121\150\165\037\124\175\124\150\147\037\142\020\147\054\116\016\217\146\155\101\200\375\200\027}{section.2}% 4
\BOOKMARK [2][-]{subsection.2.3}{\376\377\173\227\154\325\116\016\131\032\166\356\150\007\121\263\173\126}{section.2}% 5
\BOOKMARK [1][-]{section.3}{\376\377\145\160\143\156\232\161\122\250\145\160\133\146\152\041\127\213}{}% 6
\BOOKMARK [2][-]{subsection.3.1}{\376\377\135\345\172\013\150\110\117\213\116\016\145\160\143\156\207\215\124\010}{section.3}% 7
\BOOKMARK [2][-]{subsection.3.2}{\376\377\136\163\176\265\123\117\124\014\121\263\173\126\123\330\221\317}{section.3}% 8
\BOOKMARK [2][-]{subsection.3.3}{\376\377\121\150\165\037\124\175\124\150\147\037\142\020\147\054\166\356\150\007}{section.3}% 9
\BOOKMARK [2][-]{subsection.3.4}{\376\377\154\271\165\065\155\367\210\114\200\375\200\027\166\356\150\007}{section.3}% 10
\BOOKMARK [2][-]{subsection.3.5}{\376\377\176\246\147\137\116\016\142\230\116\055\121\263\173\126}{section.3}% 11
\BOOKMARK [1][-]{section.4}{\376\377\145\071\217\333\154\064\153\315\144\034\175\042\173\227\154\325}{}% 12
\BOOKMARK [2][-]{subsection.4.1}{\376\377\173\227\154\325\147\072\122\066}{section.4}% 13
\BOOKMARK [2][-]{subsection.4.2}{\376\377\133\236\232\214\123\117\213\256}{section.4}% 14
\BOOKMARK [1][-]{section.5}{\376\377\133\236\232\214\176\323\147\234}{}% 15
\BOOKMARK [2][-]{subsection.5.1}{\376\377\137\123\122\115\135\345\172\013\145\271\150\110}{section.5}% 16
\BOOKMARK [2][-]{subsection.5.2}{\376\377\123\206\123\362\133\306\136\246\122\115\143\247\122\066\377\032\143\242\175\042\140\047\213\301\143\156}{section.5}% 17
\BOOKMARK [2][-]{subsection.5.3}{\376\377\123\206\123\362\124\014\116\343\145\160\000I\000J\000S\155\210\207\215}{section.5}% 18
\BOOKMARK [2][-]{subsection.5.4}{\376\377\123\206\123\362\124\014\116\343\145\160\131\032\173\227\154\325\133\371\153\324}{section.5}% 19
\BOOKMARK [2][-]{subsection.5.5}{\376\377\123\206\123\362\201\352\165\061\172\357\160\271\221\315\117\030\123\026\145\117\141\037\140\047}{section.5}% 20
\BOOKMARK [1][-]{section.6}{\376\377\213\250\213\272}{}% 21
\BOOKMARK [2][-]{subsection.6.1}{\376\377\226\115\147\054\202\202\200\375\166\204\135\345\172\013\211\343\221\312}{section.6}% 22
\BOOKMARK [2][-]{subsection.6.2}{\376\377\000D\000E\000M\000/\000O\000S\000M\116\016\173\227\154\325\122\033\145\260\166\204\117\134\165\050}{section.6}% 23
\BOOKMARK [2][-]{subsection.6.3}{\376\377\134\100\226\120\140\047\116\016\145\110\136\246\217\271\165\114}{section.6}% 24
\BOOKMARK [1][-]{section.7}{\376\377\176\323\213\272}{}% 25
